// Jest Snapshot v1, https://goo.gl/fbAQLP

exports[`Footer renders correctly 1`] = `
<div>
  <footer
    class="mt-12 bg-gray-100 py-8"
    data-testid="footer"
  >
    <div
      class="flex items-center justify-end text-sm mx-auto max-w-3xl px-4 no-underline"
    >
      <a
        class="text-blue-500 hover:text-blue-700"
        href="https://davidnorton.app/"
        rel="noreferrer"
        target="_blank"
      >
        © 
        2024
         
        David Norton
      </a>
       | All Rights Reserved
      <div
        class="mt-1 ml-3 flex mb-2"
      >
        <a
          href="https://www.facebook.com/minitothemax"
          rel="noreferrer"
          target="_blank"
        >
          <test-file-stub
            classname="fill-red-500 mx-1 opacity-60 hover:opacity-100 w-7"
          />
        </a>
        <a
          href="https://www.instagram.com/minitothemax/"
          rel="noreferrer"
          target="_blank"
        >
          <test-file-stub
            classname="fill-red-500 mx-1 opacity-60 hover:opacity-100 w-7"
          />
        </a>
        <a
          href="https://www.youtube.com/user/piemasters29"
          rel="noreferrer"
          target="_blank"
        >
          <test-file-stub
            classname="fill-red-500 mx-1 opacity-60 hover:opacity-100 w-7"
          />
        </a>
      </div>
    </div>
  </footer>
</div>
`;
