// Jest Snapshot v1, https://goo.gl/fbAQLP

exports[`Header renders correctly 1`] = `
<div>
  <div
    class="bg-gray-100 px-4 py-8 mb-8"
    data-testid="nav-header"
  >
    <nav
      class="flex flex-col mx-auto max-w-3xl"
    >
      <a
        aria-current="page"
        class="flex items-center text-gray-900 pb-4 no-underline"
        data-testid="page-link"
        href="/"
      >
        <img
          alt="Logo"
          src="/static/logo-37f736b45fa7360612c71ff66ce83af8.png"
          width="60px"
        />
        <h1
          class="ml-4 mb-0"
        >
          MiniToTheMax
        </h1>
      </a>
      <div
        class="flex list-none m-0"
      >
        <a
          aria-current="page"
          class="text-gray-500 text-sm font-bold mr-5 no-underline hover:text-red-500 !text-red-500"
          data-testid="page-link"
          href="/"
        >
          Home
        </a>
        <a
          class="text-gray-500 text-sm font-bold mr-5 no-underline hover:text-red-500"
          data-testid="page-link"
          href="/blog"
        >
          Blog
        </a>
        <a
          class="text-gray-500 text-sm font-bold mr-5 no-underline hover:text-red-500"
          data-testid="page-link"
          href="/showcase"
        >
          Showcase
        </a>
        <a
          class="text-gray-500 text-sm font-bold mr-5 no-underline hover:text-red-500"
          data-testid="page-link"
          href="/backlog"
        >
          Backlog
        </a>
      </div>
    </nav>
  </div>
</div>
`;
