// Jest Snapshot v1, https://jestjs.io/docs/snapshot-testing

exports[`Video renders correctly 1`] = `
<div>
  <div
    class="w-full max-w-3xl hover:shadow-3xl"
    data-testid="video"
  >
    <link
      as="image"
      href="https://i.ytimg.com/vi/qcWaykRRDfM/hqdefault.jpg"
      rel="preload"
    />
    <article
      class="yt-lite "
      data-title="Grey Knight Stormraven"
      style="background-image: url("https://i.ytimg.com/vi/qcWaykRRDfM/hqdefault.jpg"); --aspect-ratio: 56.25%;"
    >
      <button
        aria-label="Watch Grey Knight Stormraven"
        class="lty-playbtn"
        type="button"
      />
    </article>
  </div>
</div>
`;
