// Jest Snapshot v1, https://goo.gl/fbAQLP

exports[`SimplePagination renders correctly 1`] = `
<div>
  <div
    class="flex flex-wrap justify-between list-none p-0 no-underline"
    data-testid="simple-pagination"
  >
    <div
      class="flex-1 py-8 pr-8"
    >
      <a
        class="text-blue-500 visited:text-blue-500 hover:text-blue-700 no-underline"
        data-testid="page-link"
        href="/next"
      >
        <div
          class="flex text-right"
        >
          <div
            class="pr-2"
          >
            ← 
          </div>
          <div
            class="flex-1"
          >
            The Next Page
          </div>
        </div>
      </a>
    </div>
    <div
      class="flex-1 py-8 pl-8"
    >
      <a
        class="text-blue-500 visited:text-blue-500 hover:text-blue-700 no-underline"
        data-testid="page-link"
        href="/previous"
      >
        <div
          class="flex"
        >
          <div
            class="flex-1"
          >
            The Previous Page
          </div>
          <div
            class="pl-2"
          >
            →
          </div>
        </div>
      </a>
    </div>
  </div>
</div>
`;
