// Jest Snapshot v1, https://jestjs.io/docs/snapshot-testing

exports[`Pagination renders correctly 1`] = `
<div>
  <ul
    class="flex flex-wrap items-center justify-between p-0 my-8"
    data-testid="pagination"
  >
    <li
      class="list-none!"
    >
      <a
        aria-current="page"
        class="p-2 rounded no-underline text-blue-500 hover:bg-blue-500! hover:text-white"
        data-testid="page-link"
        href="/"
      >
        &lt;&lt;
      </a>
    </li>
    <li
      class="list-none!"
    >
      <a
        aria-current="page"
        class="py-2 px-3 rounded no-underline text-blue-500 hover:bg-blue-500! hover:text-white "
        data-testid="page-link"
        href="/"
      >
        1
      </a>
    </li>
    <li
      class="list-none!"
    >
      <a
        class="py-2 px-3 rounded no-underline text-blue-500 hover:bg-blue-500! hover:text-white "
        data-testid="page-link"
        href="/2"
      >
        2
      </a>
    </li>
    <li
      class="list-none!"
    >
      <a
        class="py-2 px-3 rounded no-underline text-blue-500 hover:bg-blue-500! hover:text-white bg-blue-500! text-white"
        data-testid="page-link"
        href="/3"
      >
        3
      </a>
    </li>
    <li
      class="list-none!"
    >
      <a
        class="py-2 px-3 rounded no-underline text-blue-500 hover:bg-blue-500! hover:text-white "
        data-testid="page-link"
        href="/4"
      >
        4
      </a>
    </li>
    <li
      class="list-none!"
    >
      <a
        class="py-2 px-3 rounded no-underline text-blue-500 hover:bg-blue-500! hover:text-white "
        data-testid="page-link"
        href="/5"
      >
        5
      </a>
    </li>
    <li
      class="list-none!"
    >
      <a
        class="p-2 rounded no-underline text-blue-500 hover:bg-blue-500! hover:text-white"
        data-testid="page-link"
        href="/5"
      >
        &gt;&gt;
      </a>
    </li>
  </ul>
</div>
`;
