// Jest Snapshot v1, https://goo.gl/fbAQLP

exports[`PostTag renders correctly 1`] = `
<div>
  <div
    class="inline-block"
    data-testid="post-tag"
  >
    <div
      class="inline-block px-2 py-1 m-1 bg-gray-200 rounded-md cursor-pointer hover:bg-red-500 text-gray-800 hover:text-white! text-xs"
    >
      <a
        class="no-underline"
        data-testid="page-link"
        href="/tag/tag/"
      >
        Tag
      </a>
    </div>
  </div>
</div>
`;
