// Jest Snapshot v1, https://goo.gl/fbAQLP

exports[`Footer renders correctly 1`] = `
<div>
  <footer
    css="You have tried to stringify object returned from \`css\` function. It isn't supposed to be used directly (e.g. as value of the \`className\` prop), but rather handed to emotion so it can handle it (e.g. as value of \`css\` prop)."
    data-testid="footer"
  >
    <div
      css="You have tried to stringify object returned from \`css\` function. It isn't supposed to be used directly (e.g. as value of the \`className\` prop), but rather handed to emotion so it can handle it (e.g. as value of \`css\` prop)."
    >
      <a
        href="https://davidnorton.app/"
        rel="noreferrer"
        target="_blank"
      >
        © 
        2023
         
        David Norton
      </a>
       | All Rights Reserved
      <div
        css="You have tried to stringify object returned from \`css\` function. It isn't supposed to be used directly (e.g. as value of the \`className\` prop), but rather handed to emotion so it can handle it (e.g. as value of \`css\` prop)."
      >
        <a
          href="https://www.facebook.com/minitothemax"
          rel="noreferrer"
          target="_blank"
        >
          <test-file-stub
            css="You have tried to stringify object returned from \`css\` function. It isn't supposed to be used directly (e.g. as value of the \`className\` prop), but rather handed to emotion so it can handle it (e.g. as value of \`css\` prop)."
          />
        </a>
        <a
          href="https://www.instagram.com/minitothemax/"
          rel="noreferrer"
          target="_blank"
        >
          <test-file-stub
            css="You have tried to stringify object returned from \`css\` function. It isn't supposed to be used directly (e.g. as value of the \`className\` prop), but rather handed to emotion so it can handle it (e.g. as value of \`css\` prop)."
          />
        </a>
        <a
          href="https://www.youtube.com/user/piemasters29"
          rel="noreferrer"
          target="_blank"
        >
          <test-file-stub
            css="You have tried to stringify object returned from \`css\` function. It isn't supposed to be used directly (e.g. as value of the \`className\` prop), but rather handed to emotion so it can handle it (e.g. as value of \`css\` prop)."
          />
        </a>
      </div>
    </div>
  </footer>
</div>
`;
