// Jest Snapshot v1, https://goo.gl/fbAQLP

exports[`SimplePagination renders correctly 1`] = `
<div>
  <ul
    css="You have tried to stringify object returned from \`css\` function. It isn't supposed to be used directly (e.g. as value of the \`className\` prop), but rather handed to emotion so it can handle it (e.g. as value of \`css\` prop)."
    data-testid="simple-pagination"
  >
    <li>
      <a
        href="/previous"
      >
        ← 
        The Previous Page
      </a>
    </li>
    <li>
      <a
        href="/next"
      >
        The Next Page
         →
      </a>
    </li>
  </ul>
</div>
`;
