// Jest Snapshot v1, https://jestjs.io/docs/snapshot-testing

exports[`Badge renders correctly 1`] = `
<div>
  <div
    class="flex flex-col justify-end w-36"
    data-testid="badge"
  >
    <img
      alt=""
      class="mx-auto mb-2 opacity-90 hover:opacity-100"
      fetchpriority="high"
      height="120px"
      src="test-file-stub"
      width="120px"
    />
    <p
      class="text-center capitalize"
    >
      showcase
    </p>
  </div>
</div>
`;
